[    0.000000] Initializing cgroup subsys cpuset
[    0.000000] Initializing cgroup subsys cpu
[    0.000000] Initializing cgroup subsys cpuacct
[    0.000000] Linux version 4.4.0-193-generic (buildd@lgw01-amd64-024) (gcc version 5.4.0 20160609 (Ubuntu 5.4.0-6ubuntu1~16.04.12) ) #224-Ubuntu SMP Tue Oct 6 17:15:28 UTC 2020 (Ubuntu 4.4.0-193.224-generic 4.4.236)
[    0.000000] Command line: BOOT_IMAGE=/boot/vmlinuz-4.4.0-193-generic root=LABEL=cloudimg-rootfs ro console=tty1 console=ttyS0
[    0.000000] KERNEL supported cpus:
[    0.000000]   Intel GenuineIntel
[    0.000000]   AMD AuthenticAMD
[    0.000000]   Centaur CentaurHauls
[    0.000000] x86/fpu: xstate_offset[2]:  576, xstate_sizes[2]:  256
[    0.000000] x86/fpu: Supporting XSAVE feature 0x01: 'x87 floating point registers'
[    0.000000] x86/fpu: Supporting XSAVE feature 0x02: 'SSE registers'
[    0.000000] x86/fpu: Supporting XSAVE feature 0x04: 'AVX registers'
[    0.000000] x86/fpu: Enabled xstate features 0x7, context size is 832 bytes, using 'standard' format.
[    0.000000] e820: BIOS-provided physical RAM map:
[    0.000000] BIOS-e820: [mem 0x0000000000000000-0x000000000009fbff] usable
[    0.000000] BIOS-e820: [mem 0x000000000009fc00-0x000000000009ffff] reserved
[    0.000000] BIOS-e820: [mem 0x00000000000f0000-0x00000000000fffff] reserved
[    0.000000] BIOS-e820: [mem 0x0000000000100000-0x000000005ffeffff] usable
[    0.000000] BIOS-e820: [mem 0x000000005fff0000-0x000000005fffffff] ACPI data
[    0.000000] BIOS-e820: [mem 0x00000000fec00000-0x00000000fec00fff] reserved
[    0.000000] BIOS-e820: [mem 0x00000000fee00000-0x00000000fee00fff] reserved
[    0.000000] BIOS-e820: [mem 0x00000000fffc0000-0x00000000ffffffff] reserved
[    0.000000] NX (Execute Disable) protection: active
[    0.000000] SMBIOS 2.5 present.
[    0.000000] Hypervisor detected: KVM
[    0.000000] e820: last_pfn = 0x5fff0 max_arch_pfn = 0x400000000
[    0.000000] MTRR: Disabled
[    0.000000] x86/PAT: MTRRs disabled, skipping PAT initialization too.
[    0.000000] CPU MTRRs all blank - virtualized system.
[    0.000000] x86/PAT: Configuration [0-7]: WB  WT  UC- UC  WB  WT  UC- UC  
[    0.000000] found SMP MP-table at [mem 0x0009fff0-0x0009ffff] mapped at [ffff88000009fff0]
[    0.000000] Scanning 1 areas for low memory corruption
[    0.000000] RAMDISK: [mem 0x362de000-0x37166fff]
[    0.000000] ACPI: Early table checksum verification disabled
[    0.000000] ACPI: RSDP 0x00000000000E0000 000024 (v02 VBOX  )
[    0.000000] ACPI: XSDT 0x000000005FFF0030 00003C (v01 VBOX   VBOXXSDT 00000001 ASL  00000061)
[    0.000000] ACPI: FACP 0x000000005FFF00F0 0000F4 (v04 VBOX   VBOXFACP 00000001 ASL  00000061)
[    0.000000] ACPI: DSDT 0x000000005FFF0470 002325 (v02 VBOX   VBOXBIOS 00000002 INTL 20100528)
[    0.000000] ACPI: FACS 0x000000005FFF0200 000040
[    0.000000] ACPI: FACS 0x000000005FFF0200 000040
[    0.000000] ACPI: APIC 0x000000005FFF0240 000054 (v02 VBOX   VBOXAPIC 00000001 ASL  00000061)
[    0.000000] ACPI: SSDT 0x000000005FFF02A0 0001CC (v01 VBOX   VBOXCPUT 00000002 INTL 20100528)
[    0.000000] No NUMA configuration found
[    0.000000] Faking a node at [mem 0x0000000000000000-0x000000005ffeffff]
[    0.000000] NODE_DATA(0) allocated [mem 0x5ffeb000-0x5ffeffff]
[    0.000000] kvm-clock: Using msrs 4b564d01 and 4b564d00
[    0.000000] kvm-clock: cpu 0, msr 0:5ffe3001, primary cpu clock
[    0.000000] kvm-clock: using sched offset of 7422077606 cycles
[    0.000000] clocksource: kvm-clock: mask: 0xffffffffffffffff max_cycles: 0x1cd42e4dffb, max_idle_ns: 881590591483 ns
[    0.000000] Zone ranges:
[    0.000000]   DMA      [mem 0x0000000000001000-0x0000000000ffffff]
[    0.000000]   DMA32    [mem 0x0000000001000000-0x000000005ffeffff]
[    0.000000]   Normal   empty
[    0.000000]   Device   empty
[    0.000000] Movable zone start for each node
[    0.000000] Early memory node ranges
[    0.000000]   node   0: [mem 0x0000000000001000-0x000000000009efff]
[    0.000000]   node   0: [mem 0x0000000000100000-0x000000005ffeffff]
[    0.000000] Initmem setup node 0 [mem 0x0000000000001000-0x000000005ffeffff]
[    0.000000] ACPI: PM-Timer IO Port: 0x4008
[    0.000000] IOAPIC[0]: apic_id 1, version 32, address 0xfec00000, GSI 0-23
[    0.000000] ACPI: INT_SRC_OVR (bus 0 bus_irq 0 global_irq 2 dfl dfl)
[    0.000000] ACPI: INT_SRC_OVR (bus 0 bus_irq 9 global_irq 9 low level)
[    0.000000] Using ACPI (MADT) for SMP configuration information
[    0.000000] smpboot: Allowing 1 CPUs, 0 hotplug CPUs
[    0.000000] PM: Registered nosave memory: [mem 0x00000000-0x00000fff]
[    0.000000] PM: Registered nosave memory: [mem 0x0009f000-0x0009ffff]
[    0.000000] PM: Registered nosave memory: [mem 0x000a0000-0x000effff]
[    0.000000] PM: Registered nosave memory: [mem 0x000f0000-0x000fffff]
[    0.000000] e820: [mem 0x60000000-0xfebfffff] available for PCI devices
[    0.000000] Booting paravirtualized kernel on KVM
[    0.000000] clocksource: refined-jiffies: mask: 0xffffffff max_cycles: 0xffffffff, max_idle_ns: 7645519600211568 ns
[    0.000000] setup_percpu: NR_CPUS:512 nr_cpumask_bits:512 nr_cpu_ids:1 nr_node_ids:1
[    0.000000] PERCPU: Embedded 33 pages/cpu @ffff88005fc00000 s95512 r8192 d31464 u2097152
[    0.000000] Built 1 zonelists in Node order, mobility grouping on.  Total pages: 386936
[    0.000000] Policy zone: DMA32
[    0.000000] Kernel command line: BOOT_IMAGE=/boot/vmlinuz-4.4.0-193-generic root=LABEL=cloudimg-rootfs ro console=tty1 console=ttyS0
[    0.000000] PID hash table entries: 4096 (order: 3, 32768 bytes)
[    0.000000] Memory: 1513888K/1572408K available (8640K kernel code, 1337K rwdata, 4040K rodata, 1492K init, 1296K bss, 58520K reserved, 0K cma-reserved)
[    0.000000] SLUB: HWalign=64, Order=0-3, MinObjects=0, CPUs=1, Nodes=1
[    0.000000] Kernel/User page tables isolation: enabled
[    0.000000] Hierarchical RCU implementation.
[    0.000000] 	Build-time adjustment of leaf fanout to 64.
[    0.000000] 	RCU restricting CPUs from NR_CPUS=512 to nr_cpu_ids=1.
[    0.000000] RCU: Adjusting geometry for rcu_fanout_leaf=64, nr_cpu_ids=1
[    0.000000] NR_IRQS:33024 nr_irqs:256 16
[    0.000000] Console: colour VGA+ 80x25
[    0.000000] console [tty1] enabled
[    0.000000] console [ttyS0] enabled
[    0.000000] tsc: Detected 1599.999 MHz processor
[    0.226882] Calibrating delay loop (skipped) preset value.. 3199.99 BogoMIPS (lpj=6399996)
[    0.229767] pid_max: default: 32768 minimum: 301
[    0.231357] ACPI: Core revision 20150930
[    0.233653] ACPI: 2 ACPI AML tables successfully acquired and loaded
[    0.235832] Security Framework initialized
[    0.237917] Yama: becoming mindful.
[    0.239308] AppArmor: AppArmor initialized
[    0.242964] Dentry cache hash table entries: 262144 (order: 9, 2097152 bytes)
[    0.245477] Inode-cache hash table entries: 131072 (order: 8, 1048576 bytes)
[    0.249360] Mount-cache hash table entries: 4096 (order: 3, 32768 bytes)
[    0.251549] Mountpoint-cache hash table entries: 4096 (order: 3, 32768 bytes)
[    0.254518] Initializing cgroup subsys io
[    0.255921] Initializing cgroup subsys memory
[    0.257479] Initializing cgroup subsys devices
[    0.259946] Initializing cgroup subsys freezer
[    0.261532] Initializing cgroup subsys net_cls
[    0.262978] Initializing cgroup subsys perf_event
[    0.264535] Initializing cgroup subsys net_prio
[    0.266222] Initializing cgroup subsys hugetlb
[    0.267679] Initializing cgroup subsys pids
[    0.277138] mce: CPU supports 0 MCE banks
[    0.278438] process: using mwait in idle threads
[    0.279823] Last level iTLB entries: 4KB 64, 2MB 8, 4MB 8
[    0.282166] Last level dTLB entries: 4KB 64, 2MB 0, 4MB 0, 1GB 4
[    0.284136] Spectre V1 : Mitigation: usercopy/swapgs barriers and __user pointer sanitization
[    0.286984] Spectre V2 : Mitigation: Full generic retpoline
[    0.289002] Spectre V2 : Spectre v2 / SpectreRSB mitigation: Filling RSB on context switch
[    0.291984] Speculative Store Bypass: Vulnerable
[    0.293867] SRBDS: Unknown: Dependent on hypervisor status
[    0.295826] MDS: Mitigation: Clear CPU buffers
[    0.329049] Freeing SMP alternatives memory: 36K
[    0.337801] ftrace: allocating 32346 entries in 127 pages
[    0.407513] smpboot: APIC(0) Converting physical 0 to logical package 0
[    0.409748] smpboot: Max logical packages: 1
[    0.411460] x2apic enabled
[    0.412799] Switched APIC routing to physical x2apic.
[    0.415846] ..TIMER: vector=0x30 apic1=0 pin1=2 apic2=-1 pin2=-1
[    0.526223] smpboot: CPU0: Intel(R) Core(TM) i5-5250U CPU @ 1.60GHz (family: 0x6, model: 0x3d, stepping: 0x4)
[    0.529825] Performance Events: unsupported p6 CPU model 61 no PMU driver, software events only.
[    0.545296] KVM setup paravirtual spinlock
[    0.547669] x86: Booted up 1 node, 1 CPUs
[    0.549036] smpboot: Total of 1 processors activated (3199.99 BogoMIPS)
[    0.553095] devtmpfs: initialized
[    0.555715] evm: security.selinux
[    0.556806] evm: security.SMACK64
[    0.557918] evm: security.SMACK64EXEC
[    0.559250] evm: security.SMACK64TRANSMUTE
[    0.560862] evm: security.SMACK64MMAP
[    0.562185] evm: security.ima
[    0.563684] evm: security.capability
[    0.565285] clocksource: jiffies: mask: 0xffffffff max_cycles: 0xffffffff, max_idle_ns: 7645041785100000 ns
[    0.568185] futex hash table entries: 256 (order: 2, 16384 bytes)
[    0.570165] pinctrl core: initialized pinctrl subsystem
[    0.572175] RTC time:  6:29:33, date: 10/25/20
[    0.573749] NET: Registered protocol family 16
[    0.575317] cpuidle: using governor ladder
[    0.576662] cpuidle: using governor menu
[    0.577881] PCCT header not found.
[    0.579108] ACPI: bus type PCI registered
[    0.580551] acpiphp: ACPI Hot Plug PCI Controller Driver version: 0.5
[    0.583273] PCI: Using configuration type 1 for base access
[    0.586544] ACPI: Added _OSI(Module Device)
[    0.588328] ACPI: Added _OSI(Processor Device)
[    0.589893] ACPI: Added _OSI(3.0 _SCP Extensions)
[    0.591785] ACPI: Added _OSI(Processor Aggregator Device)
[    0.594833] ACPI: Executed 1 blocks of module-level executable AML code
[    0.598967] ACPI: Interpreter enabled
[    0.600243] ACPI: (supports S0 S5)
[    0.601469] ACPI: Using IOAPIC for interrupt routing
[    0.603170] PCI: Using host bridge windows from ACPI; if necessary, use "pci=nocrs" and report a bug
[    0.611692] ACPI: PCI Root Bridge [PCI0] (domain 0000 [bus 00-ff])
[    0.613887] acpi PNP0A03:00: _OSC: OS supports [ASPM ClockPM Segments MSI]
[    0.616646] acpi PNP0A03:00: _OSC: not requesting OS control; OS requires [ExtendedConfig ASPM ClockPM MSI]
[    0.620132] acpi PNP0A03:00: fail to add MMCONFIG information, can't access extended PCI configuration space under this bridge.
[    0.624871] PCI host bridge to bus 0000:00
[    0.627631] pci_bus 0000:00: root bus resource [io  0x0000-0x0cf7 window]
[    0.629866] pci_bus 0000:00: root bus resource [io  0x0d00-0xffff window]
[    0.632225] pci_bus 0000:00: root bus resource [mem 0x000a0000-0x000bffff window]
[    0.634738] pci_bus 0000:00: root bus resource [mem 0x60000000-0xfdffffff window]
[    0.637206] pci_bus 0000:00: root bus resource [bus 00-ff]
[    0.642503] pci 0000:00:01.1: legacy IDE quirk: reg 0x10: [io  0x01f0-0x01f7]
[    0.644735] pci 0000:00:01.1: legacy IDE quirk: reg 0x14: [io  0x03f6]
[    0.646873] pci 0000:00:01.1: legacy IDE quirk: reg 0x18: [io  0x0170-0x0177]
[    0.648952] pci 0000:00:01.1: legacy IDE quirk: reg 0x1c: [io  0x0376]
[    0.690453] pci 0000:00:07.0: quirk: [io  0x4000-0x403f] claimed by PIIX4 ACPI
[    0.693147] pci 0000:00:07.0: quirk: [io  0x4100-0x410f] claimed by PIIX4 SMB
[    0.714908] ACPI: PCI Interrupt Link [LNKA] (IRQs 5 9 10 *11)
[    0.718333] ACPI: PCI Interrupt Link [LNKB] (IRQs 5 9 *10 11)
[    0.721448] ACPI: PCI Interrupt Link [LNKC] (IRQs 5 *9 10 11)
[    0.723943] ACPI: PCI Interrupt Link [LNKD] (IRQs 5 9 10 *11)
[    0.727273] ACPI: Enabled 2 GPEs in block 00 to 07
[    0.730403] vgaarb: setting as boot device: PCI:0000:00:02.0
[    0.732257] vgaarb: device added: PCI:0000:00:02.0,decodes=io+mem,owns=io+mem,locks=none
[    0.734916] vgaarb: loaded
[    0.736239] vgaarb: bridge control possible 0000:00:02.0
[    0.738503] SCSI subsystem initialized
[    0.740015] ACPI: bus type USB registered
[    0.741507] usbcore: registered new interface driver usbfs
[    0.743541] usbcore: registered new interface driver hub
[    0.745949] usbcore: registered new device driver usb
[    0.747932] PCI: Using ACPI for IRQ routing
[    0.749968] NetLabel: Initializing
[    0.751155] NetLabel:  domain hash size = 128
[    0.752632] NetLabel:  protocols = UNLABELED CIPSOv4
[    0.754319] NetLabel:  unlabeled traffic allowed by default
[    0.756593] amd_nb: Cannot enumerate AMD northbridges
[    0.758330] clocksource: Switched to clocksource kvm-clock
[    0.769500] AppArmor: AppArmor Filesystem Enabled
[    0.771382] pnp: PnP ACPI init
[    0.774728] pnp: PnP ACPI: found 3 devices
[    0.782759] clocksource: acpi_pm: mask: 0xffffff max_cycles: 0xffffff, max_idle_ns: 2085701024 ns
[    0.785619] NET: Registered protocol family 2
[    0.787381] TCP established hash table entries: 16384 (order: 5, 131072 bytes)
[    0.789991] TCP bind hash table entries: 16384 (order: 6, 262144 bytes)
[    0.794091] TCP: Hash tables configured (established 16384 bind 16384)
[    0.796454] UDP hash table entries: 1024 (order: 3, 32768 bytes)
[    0.798237] UDP-Lite hash table entries: 1024 (order: 3, 32768 bytes)
[    0.800425] NET: Registered protocol family 1
[    0.801871] pci 0000:00:00.0: Limiting direct PCI/PCI transfers
[    0.803648] pci 0000:00:01.0: Activating ISA DMA hang workarounds
[    0.805658] Unpacking initramfs...
[    1.143936] Freeing initrd memory: 14884K
[    1.145818] RAPL PMU detected, API unit is 2^-32 Joules, 4 fixed counters 10737418240 ms ovfl timer
[    1.149167] hw unit of domain pp0-core 2^-0 Joules
[    1.150655] hw unit of domain package 2^-0 Joules
[    1.152119] hw unit of domain dram 2^-0 Joules
[    1.153556] hw unit of domain pp1-gpu 2^-0 Joules
[    1.155259] clocksource: tsc: mask: 0xffffffffffffffff max_cycles: 0x171023f09ff, max_idle_ns: 440795233615 ns
[    1.158816] platform rtc_cmos: registered platform RTC device (no PNP device found)
[    1.161352] Scanning for low memory corruption every 60 seconds
[    1.163394] audit: initializing netlink subsys (disabled)
[    1.165005] audit: type=2000 audit(1603607382.628:1): initialized
[    1.167387] Initialise system trusted keyring
[    1.169379] HugeTLB registered 2 MB page size, pre-allocated 0 pages
[    1.172568] zbud: loaded
[    1.173808] VFS: Disk quotas dquot_6.6.0
[    1.175147] VFS: Dquot-cache hash table entries: 512 (order 0, 4096 bytes)
[    1.177318] squashfs: version 4.0 (2009/01/31) Phillip Lougher
[    1.179284] fuse init (API version 7.23)
[    1.180653] Key type big_key registered
[    1.182151] Allocating IMA MOK and blacklist keyrings.
[    1.184316] Key type asymmetric registered
[    1.185902] Asymmetric key parser 'x509' registered
[    1.187665] Block layer SCSI generic (bsg) driver version 0.4 loaded (major 249)
[    1.190114] io scheduler noop registered
[    1.191479] io scheduler deadline registered (default)
[    1.193229] io scheduler cfq registered
[    1.194605] pci_hotplug: PCI Hot Plug PCI Core version: 0.5
[    1.196636] pciehp: PCI Express Hot Plug Controller Driver version: 0.4
[    1.198961] ACPI: AC Adapter [AC] (on-line)
[    1.200322] input: Power Button as /devices/LNXSYSTM:00/LNXPWRBN:00/input/input0
[    1.202587] ACPI: Power Button [PWRF]
[    1.203949] input: Sleep Button as /devices/LNXSYSTM:00/LNXSLPBN:00/input/input1
[    1.206490] ACPI: Sleep Button [SLPF]
[    1.209831] ACPI: Battery Slot [BAT0] (battery present)
[    1.211554] GHES: HEST is not enabled!
[    1.212850] Serial: 8250/16550 driver, 32 ports, IRQ sharing enabled
[    1.237228] 00:02: ttyS0 at I/O 0x3f8 (irq = 4, base_baud = 115200) is a 16550A
[    1.241875] Linux agpgart interface v0.103
[    1.245948] loop: module loaded
[    1.247841] scsi host0: ata_piix
[    1.249056] scsi host1: ata_piix
[    1.250227] ata1: PATA max UDMA/33 cmd 0x1f0 ctl 0x3f6 bmdma 0xd000 irq 14
[    1.252720] ata2: PATA max UDMA/33 cmd 0x170 ctl 0x376 bmdma 0xd008 irq 15
[    1.255494] libphy: Fixed MDIO Bus: probed
[    1.257233] tun: Universal TUN/TAP device driver, 1.6
[    1.260073] tun: (C) 1999-2004 Max Krasnyansky <maxk@qualcomm.com>
[    1.265155] PPP generic driver version 2.4.2
[    1.267558] ehci_hcd: USB 2.0 'Enhanced' Host Controller (EHCI) Driver
[    1.270324] ehci-pci: EHCI PCI platform driver
[    1.272262] ehci-platform: EHCI generic platform driver
[    1.274850] ohci_hcd: USB 1.1 'Open' Host Controller (OHCI) Driver
[    1.276855] ohci-pci: OHCI PCI platform driver
[    1.278482] ohci-platform: OHCI generic platform driver
[    1.280453] uhci_hcd: USB Universal Host Controller Interface driver
[    1.282553] i8042: PNP: PS/2 Controller [PNP0303:PS2K,PNP0f03:PS2M] at 0x60,0x64 irq 1,12
[    1.286410] serio: i8042 KBD port at 0x60,0x64 irq 1
[    1.288380] serio: i8042 AUX port at 0x60,0x64 irq 12
[    1.290393] mousedev: PS/2 mouse device common for all mice
[    1.292691] input: AT Translated Set 2 keyboard as /devices/platform/i8042/serio0/input/input2
[    1.296147] rtc_cmos rtc_cmos: rtc core: registered rtc_cmos as rtc0
[    1.298159] rtc_cmos rtc_cmos: alarms up to one day, 114 bytes nvram
[    1.300527] i2c /dev entries driver
[    1.301991] device-mapper: uevent: version 1.0.3
[    1.303716] device-mapper: ioctl: 4.34.0-ioctl (2015-10-28) initialised: dm-devel@redhat.com
[    1.306284] ledtrig-cpu: registered to indicate activity on CPUs
[    1.308429] NET: Registered protocol family 10
[    1.310483] NET: Registered protocol family 17
[    1.312726] Key type dns_resolver registered
[    1.314504] registered taskstats version 1
[    1.316077] Loading compiled-in X.509 certificates
[    1.318587] Loaded X.509 cert 'Build time autogenerated kernel key: 399ad61e9457a71f6b31060684c17f14836880c9'
[    1.321928] zswap: loaded using pool lzo/zbud
[    1.325133] Key type trusted registered
[    1.329489] Key type encrypted registered
[    1.331193] AppArmor: AppArmor sha1 policy hashing enabled
[    1.333073] ima: No TPM chip found, activating TPM-bypass!
[    1.334866] ima: Allocated hash algorithm: sha1
[    1.336380] evm: HMAC attrs: 0x1
[    1.338120]   Magic number: 8:464:469
[    1.339597] rtc_cmos rtc_cmos: setting system clock to 2020-10-25 06:29:33 UTC (1603607373)
[    1.342396] BIOS EDD facility v0.16 2004-Jun-25, 0 devices found
[    1.344672] EDD information not available.
[    1.438207] Freeing unused kernel memory: 1492K
[    1.440055] Write protecting the kernel read-only data: 14336k
[    1.442411] Freeing unused kernel memory: 1588K
[    1.444171] Freeing unused kernel memory: 56K
Loading, please wait...
starting version 229
[    1.461392] random: udevadm: uninitialized urandom read (16 bytes read, 3 bits of entropy available)
[    1.467571] random: systemd-udevd: uninitialized urandom read (16 bytes read, 3 bits of entropy available)
[    1.471608] random: systemd-udevd: uninitialized urandom read (16 bytes read, 3 bits of entropy available)
[    1.474723] random: systemd-udevd: uninitialized urandom read (16 bytes read, 3 bits of entropy available)
[    1.479569] random: udevadm: uninitialized urandom read (16 bytes read, 3 bits of entropy available)
[    1.483410] random: systemd-udevd: uninitialized urandom read (16 bytes read, 3 bits of entropy available)
[    1.493488] random: systemd-udevd: uninitialized urandom read (16 bytes read, 3 bits of entropy available)
[    1.498872] random: systemd-udevd: uninitialized urandom read (16 bytes read, 3 bits of entropy available)
[    1.503420] random: udevadm: uninitialized urandom read (16 bytes read, 3 bits of entropy available)
[    1.506911] random: systemd-udevd: uninitialized urandom read (16 bytes read, 3 bits of entropy available)
[    1.596215] e1000: Intel(R) PRO/1000 Network Driver - version 7.3.21-k8-NAPI
[    1.598333] e1000: Copyright (c) 1999-2006 Intel Corporation.
[    1.605400] Fusion MPT base driver 3.04.20
[    1.607306] Copyright (c) 1999-2008 LSI Corporation
[    1.641883] Fusion MPT SPI Host driver 3.04.20
[    1.663181] AVX2 version of gcm_enc/dec engaged.
[    1.664751] AES CTR mode by8 optimization enabled
[    1.889755] input: ImExPS/2 Generic Explorer Mouse as /devices/platform/i8042/serio1/input/input4
[    2.110118] e1000 0000:00:03.0 eth0: (PCI:33MHz:32-bit) 02:e9:98:4f:cb:36
[    2.113206] e1000 0000:00:03.0 eth0: Intel(R) PRO/1000 Network Connection
[    2.116199] mptbase: ioc0: Initiating bringup
[    2.184103] ioc0: LSI53C1030 A0: Capabilities={Initiator}
[    2.353796] scsi host2: ioc0: LSI53C1030 A0, FwRev=00000000h, Ports=1, MaxQ=256, IRQ=20
[    2.470520] scsi 2:0:0:0: Direct-Access     VBOX     HARDDISK         1.0  PQ: 0 ANSI: 5
[    2.475149] scsi target2:0:0: Beginning Domain Validation
[    2.480119] scsi target2:0:0: Domain Validation skipping write tests
[    2.483492] scsi target2:0:0: Ending Domain Validation
[    2.486237] scsi target2:0:0: asynchronous
[    2.538852] scsi 2:0:1:0: Direct-Access     VBOX     HARDDISK         1.0  PQ: 0 ANSI: 5
[    2.541951] scsi target2:0:1: Beginning Domain Validation
[    2.615489] scsi target2:0:1: Domain Validation skipping write tests
[    2.617990] scsi target2:0:1: Ending Domain Validation
[    2.632243] scsi target2:0:1: asynchronous
[    2.774992] sd 2:0:0:0: Attached scsi generic sg0 type 0
[    2.777231] sd 2:0:0:0: [sda] 62914560 512-byte logical blocks: (32.2 GB/30.0 GiB)
[    2.780744] sd 2:0:1:0: [sdb] 20480 512-byte logical blocks: (10.5 MB/10.0 MiB)
[    2.783868] sd 2:0:1:0: Attached scsi generic sg1 type 0
[    2.786053] sd 2:0:0:0: [sda] Write Protect is off
[    2.787822] sd 2:0:1:0: [sdb] Write Protect is off
[    2.789402] sd 2:0:0:0: [sda] Incomplete mode parameter data
[    2.791188] sd 2:0:0:0: [sda] Assuming drive cache: write through
[    2.792951] sd 2:0:1:0: [sdb] Incomplete mode parameter data
[    2.794585] sd 2:0:1:0: [sdb] Assuming drive cache: write through
[    2.816796]  sda: sda1
[    2.829506] sd 2:0:0:0: [sda] Attached SCSI disk
[    2.841813] sd 2:0:1:0: [sdb] Attached SCSI disk
[    2.970511] e1000 0000:00:08.0 eth1: (PCI:33MHz:32-bit) 08:00:27:ff:62:94
[    2.974020] e1000 0000:00:08.0 eth1: Intel(R) PRO/1000 Network Connection
[    2.977606] e1000 0000:00:08.0 enp0s8: renamed from eth1
[    2.981778] e1000 0000:00:03.0 enp0s3: renamed from eth0
Begin: Loading essential drivers ... [    4.399812] md: linear personality registered for level -1
[    4.405174] md: multipath personality registered for level -4
[    4.415404] md: raid0 personality registered for level 0
[    4.460124] md: raid1 personality registered for level 1
[    4.538897] raid6: sse2x1   gen()  2564 MB/s
[    4.606438] raid6: sse2x1   xor()  2550 MB/s
[    4.674375] raid6: sse2x2   gen()  7296 MB/s
[    4.742373] raid6: sse2x2   xor()  6530 MB/s
[    4.811124] raid6: sse2x4   gen()  9965 MB/s
[    4.880047] raid6: sse2x4   xor()  6196 MB/s
[    4.950062] raid6: avx2x1   gen() 15209 MB/s
[    5.020588] raid6: avx2x2   gen() 15543 MB/s
[    5.093690] raid6: avx2x4   gen() 18378 MB/s
[    5.095033] raid6: using algorithm avx2x4 gen() 18378 MB/s
[    5.096576] raid6: using avx2x2 recovery algorithm
[    5.100170] xor: automatically using best checksumming function:
[    5.138438]    avx       : 21805.000 MB/sec
[    5.142088] async_tx: api initialized (async)
[    5.160094] md: raid6 personality registered for level 6
[    5.162570] md: raid5 personality registered for level 5
[    5.164837] md: raid4 personality registered for level 4
[    5.180811] md: raid10 personality registered for level 10
done.
Begin: Running /scripts/init-premount ... done.
Begin: Mounting root file system ... Begin: Running /scripts/local-top ... done.
Begin: Running /scripts/local-premount ... [    5.227712] Btrfs loaded
Scanning for Btrfs filesystems
done.
Warning: fsck not present, so skipping root file system
[    5.321603] EXT4-fs (sda1): mounted filesystem with ordered data mode. Opts: (null)
done.
Begin: Running /scripts/local-bottom ... done.
Begin: Running /scripts/init-bottom ... done.
[    5.654353] systemd[1]: systemd 229 running in system mode. (+PAM +AUDIT +SELINUX +IMA +APPARMOR +SMACK +SYSVINIT +UTMP +LIBCRYPTSETUP +GCRYPT +GNUTLS +ACL +XZ -LZ4 +SECCOMP +BLKID +ELFUTILS +KMOD -IDN)
[    5.663006] systemd[1]: Detected virtualization oracle.
[    5.665892] systemd[1]: Detected architecture x86-64.

Welcome to [1mUbuntu 16.04.7 LTS[0m!

[    5.683425] systemd[1]: Set hostname to <anicheck>.
[    6.538566] systemd[1]: Listening on LVM2 metadata daemon socket.
[[0;32m  OK  [0m] Listening on LVM2 metadata daemon socket.
[    6.543711] systemd[1]: Listening on LVM2 poll daemon socket.
[[0;32m  OK  [0m] Listening on LVM2 poll daemon socket.
[    6.547133] systemd[1]: Listening on /dev/initctl Compatibility Named Pipe.
[[0;32m  OK  [0m] Listening on /dev/initctl Compatibility Named Pipe.
[    6.551260] systemd[1]: Reached target Encrypted Volumes.
[[0;32m  OK  [0m] Reached target Encrypted Volumes.
[    6.554323] systemd[1]: Reached target User and Group Name Lookups.
[[0;32m  OK  [0m] Reached target User and Group Name Lookups.
[    6.558596] systemd[1]: Reached target System Time Synchronized.
[[0;32m  OK  [0m] Reached target System Time Synchronized.
[    6.562383] systemd[1]: Set up automount Arbitrary Executable File Formats File System Automount Point.
[[0;32m  OK  [0m] Set up automount Arbitrary Executab...ats File System Automount Point.
[    6.567765] systemd[1]: Started Trigger resolvconf update for networkd DNS.
[[0;32m  OK  [0m] Started Trigger resolvconf update for networkd DNS.
[    6.572684] systemd[1]: Reached target Swap.
[[0;32m  OK  [0m] Reached target Swap.
[    6.576513] systemd[1]: Created slice System Slice.
[[0;32m  OK  [0m] Created slice System Slice.
[    6.579993] systemd[1]: Created slice system-serial\x2dgetty.slice.
[[0;32m  OK  [0m] Created slice system-serial\x2dgetty.slice.
[    6.583798] systemd[1]: Started Forward Password Requests to Wall Directory Watch.
[[0;32m  OK  [0m] Started Forward Password Requests to Wall Directory Watch.
[    6.588758] systemd[1]: Created slice User and Session Slice.
[[0;32m  OK  [0m] Created slice User and Session Slice.
[    6.592070] systemd[1]: Reached target Slices.
[[0;32m  OK  [0m] Reached target Slices.
[    6.594929] systemd[1]: Listening on Journal Socket (/dev/log).
[[0;32m  OK  [0m] Listening on Journal Socket (/dev/log).
[    6.599399] systemd[1]: Listening on Syslog Socket.
[[0;32m  OK  [0m] Listening on Syslog Socket.
[    6.602477] systemd[1]: Listening on Journal Socket.
[[0;32m  OK  [0m] Listening on Journal Socket.
[    6.610717] systemd[1]: Starting Load Kernel Modules...
         Starting Load Kernel Modules...
[    6.619454] systemd[1]: Starting Create list of required static device nodes for the current kernel...
         Starting Create list of required st... nodes for the current kernel...
[    6.628899] systemd[1]: Starting Nameserver information manager...
         Starting Nameserver information manager...
[    6.636806] systemd[1]: Mounting Debug File System...
[    6.643206] Loading iSCSI transport class v2.0-870.
         Mounting Debug File System...
[    6.650116] systemd[1]: Starting Set console keymap...
         Starting Set console keymap...
[    6.661347] systemd[1]: Mounting Huge Pages File System...
[    6.666655] random: nonblocking pool is initialized
         Mounting Huge Pages File System...
[    6.672032] systemd[1]: Mounting POSIX Message Queue File System...
         Mounting POSIX Message Queue File System...
[    6.684524] iscsi: registered transport (tcp)
[    6.686714] systemd[1]: Starting Uncomplicated firewall...
         Starting Uncomplicated firewall...
[    6.692041] systemd[1]: Listening on udev Kernel Socket.
[[0;32m  OK  [0m] Listening on udev Kernel Socket.
[    6.700882] systemd[1]: Listening on Journal Audit Socket.
[[0;32m  OK  [0m] Listening on Journal Audit Socket.
[    6.711536] systemd[1]: Starting Journal Service...
         Starting Journal Service...
[    6.719219] systemd[1]: Listening on udev Control Socket.
[[0;32m  OK  [0m] Listening on udev Control Socket.
[    6.726639] systemd[1]: Listening on Device-mapper event daemon FIFOs.
[[0;32m  OK  [0m] Listening on Device-mapper event daemon FIFOs.
[    6.737935] systemd[1]: Starting Monitoring of LVM2 mirrors, snapshots etc. using dmeventd or progress polling...
         Starting Monitoring of LVM2 mirrors... dmeventd or progress polling...
[    6.750350] systemd[1]: Starting Remount Root and Kernel File Systems...
         Starting Remount Root and Kernel File Systems...
[    6.764003] systemd[1]: Mounted POSIX Message Queue File System.
[[0;32m  OK  [0m] Mounted POSIX Message Queue File System.
[    6.771045] systemd[1]: Mounted Huge Pages File System.
[[0;32m  OK  [0m] Mounted Huge Pages File System.
[    6.782788] systemd[1]: Mounted Debug File System.
[[0;32m  OK  [0m] Mounted Debug File System.
[    6.789812] systemd[1]: Started Create list of required static device nodes for the current kernel.
[    6.795744] EXT4-fs (sda1): re-mounted. Opts: (null)
[[0;32m  OK  [0m] Started Create list of required sta...ce nodes for the current kernel.
[    6.801083] systemd[1]: Started Uncomplicated firewall.
[[0;32m  OK  [0m] Started Uncomplicated firewall.
[    6.817500] systemd[1]: Starting Create Static Device Nodes in /dev...
         Starting Create Static Device Nodes in /dev...
[    6.831420] systemd[1]: Started Remount Root and Kernel File Systems.
[[0;32m  OK  [0m] Started Remount Root and Kernel File Systems.
[    6.845765] systemd[1]: Started Nameserver information manager.
[[0;32m  OK  [0m] Started Nameserver information manager.
[    6.860824] systemd[1]: Started LVM2 metadata daemon.
[[0;32m  OK  [0m] Started LVM2 metadata daemon.
[    6.878284] systemd[1]: Starting udev Coldplug all Devices...
         Starting udev Coldplug all Devices...
[    6.903548] systemd[1]: Starting Load/Save Random Seed...
[    6.910061] iscsi: registered transport (iser)
         Starting Load/Save Random Seed...
[    6.950117] systemd[1]: Started Load/Save Random Seed.
[[0;32m  OK  [0m] Started Load/Save Random Seed.
[    6.964518] systemd[1]: Started Load Kernel Modules.
[[0;32m  OK  [0m] Started Load Kernel Modules.
[    6.981626] systemd[1]: Mounting FUSE Control File System...
         Mounting FUSE Control File System...
[    6.998322] systemd[1]: Starting Apply Kernel Variables...
         Starting Apply Kernel Variables...
[    7.018029] systemd[1]: Mounted FUSE Control File System.
[[0;32m  OK  [0m] Mounted FUSE Control File System.
[    7.026600] systemd[1]: Started Journal Service.
[[0;32m  OK  [0m] Started Journal Service.
[[0;32m  OK  [0m] Started Set console keymap.
[[0;32m  OK  [0m] Started Create Static Device Nodes in /dev.
[[0;32m  OK  [0m] Started Apply Kernel Variables.
         Starting udev Kernel Device Manager...
         Starting Flush Journal to Persistent Storage...
[[0;32m  OK  [0m] Started Flush Journal to Persistent Storage.
[[0;32m  OK  [0m] Started Monitoring of LVM2 mirrors,...ng dmeventd or progress polling.
[[0;32m  OK  [0m] Reached target Local File Systems (Pre).
[[0;32m  OK  [0m] Reached target Local File Systems.
         Starting Create Volatile Files and Directories...
         Starting Set console font and keymap...
         Starting Tell Plymouth To Write Out Runtime Data...
         Starting LSB: AppArmor initialization...
         Starting Initial cloud-init job (pre-networking)...
         Mounting /vagrant...
[[0;32m  OK  [0m] Started Tell Plymouth To Write Out Runtime Data.
[[0;1;31mFAILED[0m] Failed to mount /vagrant.
See 'systemctl status vagrant.mount' for details.
[[0;32m  OK  [0m] Started udev Coldplug all Devices.
[[0;32m  OK  [0m] Started udev Kernel Device Manager.
[[0;32m  OK  [0m] Started Dispatch Password Requests to Console Directory Watch.
[[0;32m  OK  [0m] Started Create Volatile Files and Directories.
         Starting Update UTMP about System Boot/Shutdown...
[[0;32m  OK  [0m] Started Update UTMP about System Boot/Shutdown.
[[0;32m  OK  [0m] Started LSB: AppArmor initialization.
         Starting Load AppArmor profiles managed internally by snapd...
[[0;32m  OK  [0m] Started Load AppArmor profiles managed internally by snapd.
[[0;32m  OK  [0m] Found device /dev/ttyS0.
[[0;32m  OK  [0m] Started Set console font and keymap.
[[0;32m  OK  [0m] Created slice system-getty.slice.
[[0;32m  OK  [0m] Listening on Load/Save RF Kill Switch Status /dev/rfkill Watch.
[[0;32m  OK  [0m] Found device 82540EM Gigabit Ethern...r (PRO/1000 MT Desktop Adapter).
[[0;32m  OK  [0m] Found device 82540EM Gigabit Ethern...r (PRO/1000 MT Desktop Adapter).
[    9.887418] cloud-init[482]: Cloud-init v. 20.3-2-g371b392c-0ubuntu1~16.04.1 running 'init-local' at Sun, 25 Oct 2020 06:29:41 +0000. Up 9.26 seconds.
[[0;32m  OK  [0m] Started Initial cloud-init job (pre-networking).
[[0;32m  OK  [0m] Reached target Network (Pre).
[[0;32m  OK  [0m] Started ifup for enp0s8.
[[0;32m  OK  [0m] Started ifup for enp0s3.
         Starting Raise network interfaces...
[[0;32m  OK  [0m] Started Raise network interfaces.
         Starting Initial cloud-init job (metadata service crawler)...
[[0;32m  OK  [0m] Reached target Network.
[   11.067006] cloud-init[1091]: Cloud-init v. 20.3-2-g371b392c-0ubuntu1~16.04.1 running 'init' at Sun, 25 Oct 2020 06:29:43 +0000. Up 10.58 seconds.
[   11.069944] cloud-init[1091]: ci-info: ++++++++++++++++++++++++++++++++++++++Net device info+++++++++++++++++++++++++++++++++++++++
[   11.086885] cloud-init[1091]: ci-info: +--------+------+-----------------------------+---------------+--------+-------------------+
[   11.092336] cloud-init[1091]: ci-info: | Device |  Up  |           Address           |      Mask     | Scope  |     Hw-Address    |
[   11.096313] cloud-init[1091]: ci-info: +--------+------+-----------------------------+---------------+--------+-------------------+
[   11.104579] cloud-init[1091]: ci-info: | enp0s3 | True |          10.0.2.15          | 255.255.255.0 | global | 02:e9:98:4f:cb:36 |
[   11.107586] cloud-init[1091]: ci-info: | enp0s3 | True |  fe80::e9:98ff:fe4f:cb36/64 |       .       |  link  | 02:e9:98:4f:cb:36 |
[   11.119266] cloud-init[1091]: ci-info: | enp0s8 | True |        192.168.50.10        | 255.255.255.0 | global | 08:00:27:ff:62:94 |
[   11.132527] cloud-init[1091]: ci-info: | enp0s8 | True | fe80::a00:27ff:feff:6294/64 |       .       |  link  | 08:00:27:ff:62:94 |
[   11.135187] cloud-init[1091]: ci-info: |   lo   | True |          127.0.0.1          |   255.0.0.0   |  host  |         .         |
[   11.148959] cloud-init[1091]: ci-info: |   lo   | True |           ::1/128           |       .       |  host  |         .         |
[[0;32m  OK  [0m] Started Initial cloud-init job (metadata service crawler).
[   11.156260] cloud-init[1091]: ci-info: +--------+------+-----------------------------+---------------+--------+-------------------+[[0;32m  OK  [0m] Reached target Network is Online.
         Starting iSCSI initiator daemon (iscsid)...
[[0;32m  OK  [0m] Reached target System Initialization.
[   11.164671] cloud-init[1091]: ci-info: ++++++++++++++++++++++++++++Route IPv4 info++++++++++++++++++++++++++++
[   11.166811] cloud-init[1091]: ci-info: +-------+--------------+----------+---------------+-----------+-------+
         Starting Docker Socket for the API.

[   11.172101] cloud-init[[0;32m  OK  [0m] Started Message of the Day.
         Starting Socket activation for snappy daemon.
[[1091]: ci-info: | Route | Destination  | Gateway  |    Genmask    | Interface | Flags |
[   11.178918] cloud-init[1091]: ci-info: +-------+--------------+----------+---------------+-----------+-------+[0;32m  OK  [0m] Listening on D-Bus System Message Bus Socket.

[   11.192386] cloud-init[1091]: ci-info: |   0   |   0.0.0.0    | 10.0.2.2 |    0.0.0.0    |   enp0s3  |   UG  |
[[0;32m  OK  [0m] Started ACPI Events Check.[   11.200546] cloud-init[1091]: ci-info: |   1   |   10.0.2.0   | 0.0.0.0  | 255.255.255.0 |   enp0s3  |   U   |
[   11.203227] cloud-init[1091]: ci-info: |   2   | 192.168.50.0 | 0.0.0.0  | 255.255.255.0 |   enp0s8  |   U   |
[[0;32m  OK  [0m] Reached target Paths.
[[0;32m  OK  [0m] Listening on UUID daemon activation socket.
[[0;32m  OK  [0m] Listening on ACPID Listen Socket.
[[0;32m  OK  [0m] Started Daily Cleanup of Temporary Directories.

[   11.212023] cloud-init[1091]: ci-info: +-------+--------------+----------+---------------+-----------+-------+
         Starting LXD - unix socket.[   11.216652] cloud-init[1091]: ci-info: +++++++++++++++++++Route IPv6 info+++++++++++++++++++
[   11.218989] cloud-init[1091]: 
[[0;32m  OK  [0m] Started Daily apt download activities.
[[0;32m  OK  [0m] ci-info: +-------+-------------+---------+-----------+-------+
[   11.226155] cloud-init[1091]: ci-info: | Route | Destination | Gateway | Interface | Flags |Started Daily apt upgrade and clean activities.
[   11.233101] cloud-init[1091]: ci-info: +-------+-------------+---------+-----------+-------+
[[0;32m  OK  [0m] Reached target Timers.
[[0;32m  OK  [0m
[   11.240684] cloud-init[1091]: ci-info: |   0   |  fe80::/64  |    ::   |   enp0s8  |   U   |] Reached target Cloud-config availability.
[[0;32m  OK  [0m] Listening on Docker Socket for the API.

[   11.252738] cloud-init[1091]: ci-info: |   1   |  fe80::/64  |    ::   |   enp0s3  |   U   |[[0;32m  OK  [0m] Listening on Socket activation for snappy daemon.
[[0;32m  OK  [0m
[   11.265664] cloud-init[1091]: ci-info: |   4   |   ff00::/8  |    ::   |   enp0s8  |   U   |] Listening on LXD - unix socket.
[[0;32m  OK  [0m] Reached target Sockets.
[[0;32m  OK  [0m] Reached target Basic System.
[   11.281164] cloud-init[1091]: ci-info: |   5   |   ff00::/8  |    ::   |   enp0s3  |   U   |

[[0;32m  OK  [0m] Started Regular background program processing daemon.[   11.288685] cloud-init[1091]: ci-info: +-------+-------------+---------+-----------+-------+
         Starting Virtualbox guest utils...

         Starting Accounts Service...
[[0;32m  OK  [0m] Started Deferred execution scheduler.
         Starting containerd container runtime...
         Starting System Logging Service...
         Starting Daily apt upgrade and clean activities...
         Starting LXD - container startup/shutdown...
[[0;32m  OK  [0m] Started ACPI event daemon.
[[0;32m  OK  [0m] Started FUSE filesystem for LXC.
[[0;32m  OK  [0m] Started D-Bus System Message Bus.
         Starting OpenBSD Secure Shell server...
         Starting LSB: Record successful boot for GRUB...
         Starting Snap Daemon...
         Starting /etc/rc.local Compatibility...
         Starting Login Service...
         Starting LSB: MD monitoring daemon...
[[0;32m  OK  [0m] Started System Logging Service.
[[0;32m  OK  [0m] Started iSCSI initiator daemon (iscsid).
[[0;32m  OK  [0m] Started /etc/rc.local Compatibility.
         Starting Login to default iSCSI targets...
         Starting Authenticate and Authorize Users to Run Privileged Tasks...
[[0;32m  OK  [0m] Started Login Service.
[[0;32m  OK  [0m] Started Unattended Upgrades Shutdown.
[[0;32m  OK  [0m] Started Login to default iSCSI targets.
[[0;32m  OK  [0m] Reached target Remote File Systems (Pre).
[[0;32m  OK  [0m] Reached target Remote File Systems.
         Starting LSB: automatic crash report generation...
         Starting LSB: Set the CPU Frequency Scaling governor to "ondemand"...
         Starting LSB: daemon to balance interrupts for SMP systems...
         Starting Permit User Sessions...
[[0;32m  OK  [0m] Started Permit User Sessions.
         Starting Terminate Plymouth Boot Screen...
         Starting Hold until boot process finishes up...
[[0;32m  OK  [0m] Started Hold until boot process finishes up.
         Starting Set console scheme...
[[0;32m  OK  [0m] Started Getty on tty1.
[[0;32m  OK  [0m] Started Serial Getty on ttyS0.
[[0;32m  OK  [0m] Reached target Login Prompts.
[[0;32m  OK  [0m] Started Terminate Plymouth Boot Screen.
[[0;32m  OK  [0m] Started Set console scheme.
[[0;32m  OK  [0m] Started LSB: Record successful boot for GRUB.
[[0;32m  OK  [0m] Started LSB: Set the CPU Frequency Scaling governor to "ondemand".
[[0;32m  OK  [0m] Started LSB: MD monitoring daemon.
[[0;32m  OK  [0m] Started LXD - container startup/shutdown.
[[0;32m  OK  [0m] Started Authenticate and Authorize Users to Run Privileged Tasks.
[[0;32m  OK  [0m] Started Accounts Service.
[[0;32m  OK  [0m] Started LSB: daemon to balance interrupts for SMP systems.
[[0;32m  OK  [0m] Started OpenBSD Secure Shell server.
[[0;32m  OK  [0m] Started LSB: automatic crash report generation.
[[0;32m  OK  [0m] Started Virtualbox guest utils.
[[0;32m  OK  [0m] Started Snap Daemon.
         Starting Wait until snapd is fully seeded...
[[0;32m  OK  [0m] Started Wait until snapd is fully seeded.
         Starting Apply the settings specified in cloud-config...
[[0;32m  OK  [0m] Started containerd container runtime.
         Starting Docker Application Container Engine...
[   14.651038] cloud-init[1397]: Cloud-init v. 20.3-2-g371b392c-0ubuntu1~16.04.1 running 'modules:config' at Sun, 25 Oct 2020 06:29:46 +0000. Up 14.23 seconds.
[[0;32m  OK  [0m] Started Apply the settings specified in cloud-config.
[[0;32m  OK  [0m] Created slice User Slice of vagrant.
         Starting User Manager for UID 1000...
[[0;32m  OK  [0m] Started Session 1 of user vagrant.
[[0;32m  OK  [0m] Started User Manager for UID 1000.

Ubuntu 16.04.7 LTS anicheck ttyS0

anicheck login: [   23.053491] cloud-init[1928]: Cloud-init v. 20.3-2-g371b392c-0ubuntu1~16.04.1 running 'modules:final' at Sun, 25 Oct 2020 06:29:55 +0000. Up 22.87 seconds.
[   23.053857] cloud-init[1928]: Cloud-init v. 20.3-2-g371b392c-0ubuntu1~16.04.1 finished at Sun, 25 Oct 2020 06:29:55 +0000. Datasource DataSourceNoCloud [seed=/dev/sdb][dsmode=net].  Up 23.04 seconds
