[    0.000000] Initializing cgroup subsys cpuset
[    0.000000] Initializing cgroup subsys cpu
[    0.000000] Initializing cgroup subsys cpuacct
[    0.000000] Linux version 4.4.0-193-generic (buildd@lgw01-amd64-024) (gcc version 5.4.0 20160609 (Ubuntu 5.4.0-6ubuntu1~16.04.12) ) #224-Ubuntu SMP Tue Oct 6 17:15:28 UTC 2020 (Ubuntu 4.4.0-193.224-generic 4.4.236)
[    0.000000] Command line: BOOT_IMAGE=/boot/vmlinuz-4.4.0-193-generic root=LABEL=cloudimg-rootfs ro console=tty1 console=ttyS0
[    0.000000] KERNEL supported cpus:
[    0.000000]   Intel GenuineIntel
[    0.000000]   AMD AuthenticAMD
[    0.000000]   Centaur CentaurHauls
[    0.000000] x86/fpu: xstate_offset[2]:  576, xstate_sizes[2]:  256
[    0.000000] x86/fpu: Supporting XSAVE feature 0x01: 'x87 floating point registers'
[    0.000000] x86/fpu: Supporting XSAVE feature 0x02: 'SSE registers'
[    0.000000] x86/fpu: Supporting XSAVE feature 0x04: 'AVX registers'
[    0.000000] x86/fpu: Enabled xstate features 0x7, context size is 832 bytes, using 'standard' format.
[    0.000000] e820: BIOS-provided physical RAM map:
[    0.000000] BIOS-e820: [mem 0x0000000000000000-0x000000000009fbff] usable
[    0.000000] BIOS-e820: [mem 0x000000000009fc00-0x000000000009ffff] reserved
[    0.000000] BIOS-e820: [mem 0x00000000000f0000-0x00000000000fffff] reserved
[    0.000000] BIOS-e820: [mem 0x0000000000100000-0x000000007ffeffff] usable
[    0.000000] BIOS-e820: [mem 0x000000007fff0000-0x000000007fffffff] ACPI data
[    0.000000] BIOS-e820: [mem 0x00000000fec00000-0x00000000fec00fff] reserved
[    0.000000] BIOS-e820: [mem 0x00000000fee00000-0x00000000fee00fff] reserved
[    0.000000] BIOS-e820: [mem 0x00000000fffc0000-0x00000000ffffffff] reserved
[    0.000000] NX (Execute Disable) protection: active
[    0.000000] SMBIOS 2.5 present.
[    0.000000] Hypervisor detected: KVM
[    0.000000] e820: last_pfn = 0x7fff0 max_arch_pfn = 0x400000000
[    0.000000] MTRR: Disabled
[    0.000000] x86/PAT: MTRRs disabled, skipping PAT initialization too.
[    0.000000] CPU MTRRs all blank - virtualized system.
[    0.000000] x86/PAT: Configuration [0-7]: WB  WT  UC- UC  WB  WT  UC- UC  
[    0.000000] found SMP MP-table at [mem 0x0009fff0-0x0009ffff] mapped at [ffff88000009fff0]
[    0.000000] Scanning 1 areas for low memory corruption
[    0.000000] RAMDISK: [mem 0x362de000-0x37166fff]
[    0.000000] ACPI: Early table checksum verification disabled
[    0.000000] ACPI: RSDP 0x00000000000E0000 000024 (v02 VBOX  )
[    0.000000] ACPI: XSDT 0x000000007FFF0030 00003C (v01 VBOX   VBOXXSDT 00000001 ASL  00000061)
[    0.000000] ACPI: FACP 0x000000007FFF00F0 0000F4 (v04 VBOX   VBOXFACP 00000001 ASL  00000061)
[    0.000000] ACPI: DSDT 0x000000007FFF0470 002325 (v02 VBOX   VBOXBIOS 00000002 INTL 20100528)
[    0.000000] ACPI: FACS 0x000000007FFF0200 000040
[    0.000000] ACPI: FACS 0x000000007FFF0200 000040
[    0.000000] ACPI: APIC 0x000000007FFF0240 000054 (v02 VBOX   VBOXAPIC 00000001 ASL  00000061)
[    0.000000] ACPI: SSDT 0x000000007FFF02A0 0001CC (v01 VBOX   VBOXCPUT 00000002 INTL 20100528)
[    0.000000] No NUMA configuration found
[    0.000000] Faking a node at [mem 0x0000000000000000-0x000000007ffeffff]
[    0.000000] NODE_DATA(0) allocated [mem 0x7ffeb000-0x7ffeffff]
[    0.000000] kvm-clock: Using msrs 4b564d01 and 4b564d00
[    0.000000] kvm-clock: cpu 0, msr 0:7ffe3001, primary cpu clock
[    0.000000] kvm-clock: using sched offset of 7125914183 cycles
[    0.000000] clocksource: kvm-clock: mask: 0xffffffffffffffff max_cycles: 0x1cd42e4dffb, max_idle_ns: 881590591483 ns
[    0.000000] Zone ranges:
[    0.000000]   DMA      [mem 0x0000000000001000-0x0000000000ffffff]
[    0.000000]   DMA32    [mem 0x0000000001000000-0x000000007ffeffff]
[    0.000000]   Normal   empty
[    0.000000]   Device   empty
[    0.000000] Movable zone start for each node
[    0.000000] Early memory node ranges
[    0.000000]   node   0: [mem 0x0000000000001000-0x000000000009efff]
[    0.000000]   node   0: [mem 0x0000000000100000-0x000000007ffeffff]
[    0.000000] Initmem setup node 0 [mem 0x0000000000001000-0x000000007ffeffff]
[    0.000000] ACPI: PM-Timer IO Port: 0x4008
[    0.000000] IOAPIC[0]: apic_id 1, version 32, address 0xfec00000, GSI 0-23
[    0.000000] ACPI: INT_SRC_OVR (bus 0 bus_irq 0 global_irq 2 dfl dfl)
[    0.000000] ACPI: INT_SRC_OVR (bus 0 bus_irq 9 global_irq 9 low level)
[    0.000000] Using ACPI (MADT) for SMP configuration information
[    0.000000] smpboot: Allowing 1 CPUs, 0 hotplug CPUs
[    0.000000] PM: Registered nosave memory: [mem 0x00000000-0x00000fff]
[    0.000000] PM: Registered nosave memory: [mem 0x0009f000-0x0009ffff]
[    0.000000] PM: Registered nosave memory: [mem 0x000a0000-0x000effff]
[    0.000000] PM: Registered nosave memory: [mem 0x000f0000-0x000fffff]
[    0.000000] e820: [mem 0x80000000-0xfebfffff] available for PCI devices
[    0.000000] Booting paravirtualized kernel on KVM
[    0.000000] clocksource: refined-jiffies: mask: 0xffffffff max_cycles: 0xffffffff, max_idle_ns: 7645519600211568 ns
[    0.000000] setup_percpu: NR_CPUS:512 nr_cpumask_bits:512 nr_cpu_ids:1 nr_node_ids:1
[    0.000000] PERCPU: Embedded 33 pages/cpu @ffff88007fc00000 s95512 r8192 d31464 u2097152
[    0.000000] Built 1 zonelists in Node order, mobility grouping on.  Total pages: 515960
[    0.000000] Policy zone: DMA32
[    0.000000] Kernel command line: BOOT_IMAGE=/boot/vmlinuz-4.4.0-193-generic root=LABEL=cloudimg-rootfs ro console=tty1 console=ttyS0
[    0.000000] PID hash table entries: 4096 (order: 3, 32768 bytes)
[    0.000000] Memory: 2029984K/2096696K available (8640K kernel code, 1337K rwdata, 4040K rodata, 1492K init, 1296K bss, 66712K reserved, 0K cma-reserved)
[    0.000000] SLUB: HWalign=64, Order=0-3, MinObjects=0, CPUs=1, Nodes=1
[    0.000000] Kernel/User page tables isolation: enabled
[    0.000000] Hierarchical RCU implementation.
[    0.000000] 	Build-time adjustment of leaf fanout to 64.
[    0.000000] 	RCU restricting CPUs from NR_CPUS=512 to nr_cpu_ids=1.
[    0.000000] RCU: Adjusting geometry for rcu_fanout_leaf=64, nr_cpu_ids=1
[    0.000000] NR_IRQS:33024 nr_irqs:256 16
[    0.000000] Console: colour VGA+ 80x25
[    0.000000] console [tty1] enabled
[    0.000000] console [ttyS0] enabled
[    0.000000] tsc: Detected 1599.999 MHz processor
[    0.216083] Calibrating delay loop (skipped) preset value.. 3199.99 BogoMIPS (lpj=6399996)
[    0.218684] pid_max: default: 32768 minimum: 301
[    0.220160] ACPI: Core revision 20150930
[    0.222389] ACPI: 2 ACPI AML tables successfully acquired and loaded
[    0.224396] Security Framework initialized
[    0.225669] Yama: becoming mindful.
[    0.226820] AppArmor: AppArmor initialized
[    0.229696] Dentry cache hash table entries: 262144 (order: 9, 2097152 bytes)
[    0.232479] Inode-cache hash table entries: 131072 (order: 8, 1048576 bytes)
[    0.236251] Mount-cache hash table entries: 4096 (order: 3, 32768 bytes)
[    0.238403] Mountpoint-cache hash table entries: 4096 (order: 3, 32768 bytes)
[    0.241000] Initializing cgroup subsys io
[    0.242266] Initializing cgroup subsys memory
[    0.243649] Initializing cgroup subsys devices
[    0.245001] Initializing cgroup subsys freezer
[    0.246358] Initializing cgroup subsys net_cls
[    0.247784] Initializing cgroup subsys perf_event
[    0.249201] Initializing cgroup subsys net_prio
[    0.250578] Initializing cgroup subsys hugetlb
[    0.251961] Initializing cgroup subsys pids
[    0.262303] mce: CPU supports 0 MCE banks
[    0.263892] process: using mwait in idle threads
[    0.265441] Last level iTLB entries: 4KB 64, 2MB 8, 4MB 8
[    0.267334] Last level dTLB entries: 4KB 64, 2MB 0, 4MB 0, 1GB 4
[    0.269331] Spectre V1 : Mitigation: usercopy/swapgs barriers and __user pointer sanitization
[    0.272349] Spectre V2 : Mitigation: Full generic retpoline
[    0.273986] Spectre V2 : Spectre v2 / SpectreRSB mitigation: Filling RSB on context switch
[    0.276533] Speculative Store Bypass: Vulnerable
[    0.278104] SRBDS: Unknown: Dependent on hypervisor status
[    0.280076] MDS: Mitigation: Clear CPU buffers
[    0.310924] Freeing SMP alternatives memory: 36K
[    0.319306] ftrace: allocating 32346 entries in 127 pages
[    0.385635] smpboot: APIC(0) Converting physical 0 to logical package 0
[    0.387910] smpboot: Max logical packages: 1
[    0.389748] x2apic enabled
[    0.391397] Switched APIC routing to physical x2apic.
[    0.394528] ..TIMER: vector=0x30 apic1=0 pin1=2 apic2=-1 pin2=-1
[    0.504652] smpboot: CPU0: Intel(R) Core(TM) i5-5250U CPU @ 1.60GHz (family: 0x6, model: 0x3d, stepping: 0x4)
[    0.508462] Performance Events: unsupported p6 CPU model 61 no PMU driver, software events only.
[    0.523651] KVM setup paravirtual spinlock
[    0.525899] x86: Booted up 1 node, 1 CPUs
[    0.527461] smpboot: Total of 1 processors activated (3199.99 BogoMIPS)
[    0.531353] devtmpfs: initialized
[    0.533914] evm: security.selinux
[    0.535132] evm: security.SMACK64
[    0.536298] evm: security.SMACK64EXEC
[    0.537765] evm: security.SMACK64TRANSMUTE
[    0.539173] evm: security.SMACK64MMAP
[    0.540346] evm: security.ima
[    0.541348] evm: security.capability
[    0.542677] clocksource: jiffies: mask: 0xffffffff max_cycles: 0xffffffff, max_idle_ns: 7645041785100000 ns
[    0.545645] futex hash table entries: 256 (order: 2, 16384 bytes)
[    0.547571] pinctrl core: initialized pinctrl subsystem
[    0.549630] RTC time:  4:24:46, date: 10/18/20
[    0.551527] NET: Registered protocol family 16
[    0.553386] cpuidle: using governor ladder
[    0.554987] cpuidle: using governor menu
[    0.556500] PCCT header not found.
[    0.558017] ACPI: bus type PCI registered
[    0.559419] acpiphp: ACPI Hot Plug PCI Controller Driver version: 0.5
[    0.561748] PCI: Using configuration type 1 for base access
[    0.564648] ACPI: Added _OSI(Module Device)
[    0.566006] ACPI: Added _OSI(Processor Device)
[    0.567366] ACPI: Added _OSI(3.0 _SCP Extensions)
[    0.568781] ACPI: Added _OSI(Processor Aggregator Device)
[    0.571165] ACPI: Executed 1 blocks of module-level executable AML code
[    0.575306] ACPI: Interpreter enabled
[    0.576602] ACPI: (supports S0 S5)
[    0.578018] ACPI: Using IOAPIC for interrupt routing
[    0.579863] PCI: Using host bridge windows from ACPI; if necessary, use "pci=nocrs" and report a bug
[    0.588205] ACPI: PCI Root Bridge [PCI0] (domain 0000 [bus 00-ff])
[    0.590314] acpi PNP0A03:00: _OSC: OS supports [ASPM ClockPM Segments MSI]
[    0.592880] acpi PNP0A03:00: _OSC: not requesting OS control; OS requires [ExtendedConfig ASPM ClockPM MSI]
[    0.595791] acpi PNP0A03:00: fail to add MMCONFIG information, can't access extended PCI configuration space under this bridge.
[    0.599723] PCI host bridge to bus 0000:00
[    0.601001] pci_bus 0000:00: root bus resource [io  0x0000-0x0cf7 window]
[    0.602970] pci_bus 0000:00: root bus resource [io  0x0d00-0xffff window]
[    0.604892] pci_bus 0000:00: root bus resource [mem 0x000a0000-0x000bffff window]
[    0.607246] pci_bus 0000:00: root bus resource [mem 0x80000000-0xfdffffff window]
[    0.610199] pci_bus 0000:00: root bus resource [bus 00-ff]
[    0.615172] pci 0000:00:01.1: legacy IDE quirk: reg 0x10: [io  0x01f0-0x01f7]
[    0.617883] pci 0000:00:01.1: legacy IDE quirk: reg 0x14: [io  0x03f6]
[    0.619991] pci 0000:00:01.1: legacy IDE quirk: reg 0x18: [io  0x0170-0x0177]
[    0.622393] pci 0000:00:01.1: legacy IDE quirk: reg 0x1c: [io  0x0376]
[    0.666342] pci 0000:00:07.0: quirk: [io  0x4000-0x403f] claimed by PIIX4 ACPI
[    0.668878] pci 0000:00:07.0: quirk: [io  0x4100-0x410f] claimed by PIIX4 SMB
[    0.691651] ACPI: PCI Interrupt Link [LNKA] (IRQs 5 9 10 *11)
[    0.694367] ACPI: PCI Interrupt Link [LNKB] (IRQs 5 9 *10 11)
[    0.696794] ACPI: PCI Interrupt Link [LNKC] (IRQs 5 *9 10 11)
[    0.698997] ACPI: PCI Interrupt Link [LNKD] (IRQs 5 9 10 *11)
[    0.701296] ACPI: Enabled 2 GPEs in block 00 to 07
[    0.703152] vgaarb: setting as boot device: PCI:0000:00:02.0
[    0.704813] vgaarb: device added: PCI:0000:00:02.0,decodes=io+mem,owns=io+mem,locks=none
[    0.707318] vgaarb: loaded
[    0.708486] vgaarb: bridge control possible 0000:00:02.0
[    0.710615] SCSI subsystem initialized
[    0.712021] ACPI: bus type USB registered
[    0.713594] usbcore: registered new interface driver usbfs
[    0.715314] usbcore: registered new interface driver hub
[    0.716966] usbcore: registered new device driver usb
[    0.718879] PCI: Using ACPI for IRQ routing
[    0.720688] NetLabel: Initializing
[    0.721959] NetLabel:  domain hash size = 128
[    0.723565] NetLabel:  protocols = UNLABELED CIPSOv4
[    0.725083] NetLabel:  unlabeled traffic allowed by default
[    0.726824] amd_nb: Cannot enumerate AMD northbridges
[    0.728377] clocksource: Switched to clocksource kvm-clock
[    0.738212] AppArmor: AppArmor Filesystem Enabled
[    0.739963] pnp: PnP ACPI init
[    0.742551] pnp: PnP ACPI: found 3 devices
[    0.749747] clocksource: acpi_pm: mask: 0xffffff max_cycles: 0xffffff, max_idle_ns: 2085701024 ns
[    0.752701] NET: Registered protocol family 2
[    0.754559] TCP established hash table entries: 16384 (order: 5, 131072 bytes)
[    0.756894] TCP bind hash table entries: 16384 (order: 6, 262144 bytes)
[    0.760356] TCP: Hash tables configured (established 16384 bind 16384)
[    0.762366] UDP hash table entries: 1024 (order: 3, 32768 bytes)
[    0.764113] UDP-Lite hash table entries: 1024 (order: 3, 32768 bytes)
[    0.766048] NET: Registered protocol family 1
[    0.767407] pci 0000:00:00.0: Limiting direct PCI/PCI transfers
[    0.769191] pci 0000:00:01.0: Activating ISA DMA hang workarounds
[    0.771176] Unpacking initramfs...
[    1.070601] Freeing initrd memory: 14884K
[    1.072138] RAPL PMU detected, API unit is 2^-32 Joules, 4 fixed counters 10737418240 ms ovfl timer
[    1.075271] hw unit of domain pp0-core 2^-0 Joules
[    1.076965] hw unit of domain package 2^-0 Joules
[    1.078397] hw unit of domain dram 2^-0 Joules
[    1.079809] hw unit of domain pp1-gpu 2^-0 Joules
[    1.081302] clocksource: tsc: mask: 0xffffffffffffffff max_cycles: 0x171023f09ff, max_idle_ns: 440795233615 ns
[    1.084276] platform rtc_cmos: registered platform RTC device (no PNP device found)
[    1.086769] Scanning for low memory corruption every 60 seconds
[    1.089015] audit: initializing netlink subsys (disabled)
[    1.090971] audit: type=2000 audit(1602995095.240:1): initialized
[    1.093253] Initialise system trusted keyring
[    1.094799] HugeTLB registered 2 MB page size, pre-allocated 0 pages
[    1.098116] zbud: loaded
[    1.099349] VFS: Disk quotas dquot_6.6.0
[    1.100740] VFS: Dquot-cache hash table entries: 512 (order 0, 4096 bytes)
[    1.103199] squashfs: version 4.0 (2009/01/31) Phillip Lougher
[    1.105237] fuse init (API version 7.23)
[    1.106632] Key type big_key registered
[    1.107908] Allocating IMA MOK and blacklist keyrings.
[    1.110053] Key type asymmetric registered
[    1.111339] Asymmetric key parser 'x509' registered
[    1.112835] Block layer SCSI generic (bsg) driver version 0.4 loaded (major 249)
[    1.115218] io scheduler noop registered
[    1.116453] io scheduler deadline registered (default)
[    1.118051] io scheduler cfq registered
[    1.119360] pci_hotplug: PCI Hot Plug PCI Core version: 0.5
[    1.121042] pciehp: PCI Express Hot Plug Controller Driver version: 0.4
[    1.123412] ACPI: AC Adapter [AC] (on-line)
[    1.125068] input: Power Button as /devices/LNXSYSTM:00/LNXPWRBN:00/input/input0
[    1.127528] ACPI: Power Button [PWRF]
[    1.128970] input: Sleep Button as /devices/LNXSYSTM:00/LNXSLPBN:00/input/input1
[    1.131586] ACPI: Sleep Button [SLPF]
[    1.134887] ACPI: Battery Slot [BAT0] (battery present)
[    1.136635] GHES: HEST is not enabled!
[    1.138148] Serial: 8250/16550 driver, 32 ports, IRQ sharing enabled
[    1.161205] 00:02: ttyS0 at I/O 0x3f8 (irq = 4, base_baud = 115200) is a 16550A
[    1.165783] Linux agpgart interface v0.103
[    1.169915] loop: module loaded
[    1.171700] scsi host0: ata_piix
[    1.173021] scsi host1: ata_piix
[    1.174226] ata1: PATA max UDMA/33 cmd 0x1f0 ctl 0x3f6 bmdma 0xd000 irq 14
[    1.176440] ata2: PATA max UDMA/33 cmd 0x170 ctl 0x376 bmdma 0xd008 irq 15
[    1.179632] libphy: Fixed MDIO Bus: probed
[    1.181044] tun: Universal TUN/TAP device driver, 1.6
[    1.182648] tun: (C) 1999-2004 Max Krasnyansky <maxk@qualcomm.com>
[    1.184606] PPP generic driver version 2.4.2
[    1.186185] ehci_hcd: USB 2.0 'Enhanced' Host Controller (EHCI) Driver
[    1.188495] ehci-pci: EHCI PCI platform driver
[    1.190114] ehci-platform: EHCI generic platform driver
[    1.191913] ohci_hcd: USB 1.1 'Open' Host Controller (OHCI) Driver
[    1.193808] ohci-pci: OHCI PCI platform driver
[    1.195174] ohci-platform: OHCI generic platform driver
[    1.196726] uhci_hcd: USB Universal Host Controller Interface driver
[    1.198650] i8042: PNP: PS/2 Controller [PNP0303:PS2K,PNP0f03:PS2M] at 0x60,0x64 irq 1,12
[    1.201651] serio: i8042 KBD port at 0x60,0x64 irq 1
[    1.203163] serio: i8042 AUX port at 0x60,0x64 irq 12
[    1.204778] mousedev: PS/2 mouse device common for all mice
[    1.206726] input: AT Translated Set 2 keyboard as /devices/platform/i8042/serio0/input/input2
[    1.209850] rtc_cmos rtc_cmos: rtc core: registered rtc_cmos as rtc0
[    1.211742] rtc_cmos rtc_cmos: alarms up to one day, 114 bytes nvram
[    1.213622] i2c /dev entries driver
[    1.214806] device-mapper: uevent: version 1.0.3
[    1.216268] device-mapper: ioctl: 4.34.0-ioctl (2015-10-28) initialised: dm-devel@redhat.com
[    1.219142] ledtrig-cpu: registered to indicate activity on CPUs
[    1.221405] NET: Registered protocol family 10
[    1.223244] NET: Registered protocol family 17
[    1.224640] Key type dns_resolver registered
[    1.226238] registered taskstats version 1
[    1.227729] Loading compiled-in X.509 certificates
[    1.229984] Loaded X.509 cert 'Build time autogenerated kernel key: 399ad61e9457a71f6b31060684c17f14836880c9'
[    1.232956] zswap: loaded using pool lzo/zbud
[    1.236053] Key type trusted registered
[    1.240441] Key type encrypted registered
[    1.241940] AppArmor: AppArmor sha1 policy hashing enabled
[    1.243733] ima: No TPM chip found, activating TPM-bypass!
[    1.245743] ima: Allocated hash algorithm: sha1
[    1.247326] evm: HMAC attrs: 0x1
[    1.249105]   Magic number: 8:174:414
[    1.250631] rtc_cmos rtc_cmos: setting system clock to 2020-10-18 04:24:47 UTC (1602995087)
[    1.253880] BIOS EDD facility v0.16 2004-Jun-25, 0 devices found
[    1.256093] EDD information not available.
[    1.357316] Freeing unused kernel memory: 1492K
[    1.358931] Write protecting the kernel read-only data: 14336k
[    1.361336] Freeing unused kernel memory: 1588K
[    1.363060] Freeing unused kernel memory: 56K
Loading, please wait...
starting version 229
[    1.378053] random: udevadm: uninitialized urandom read (16 bytes read, 3 bits of entropy available)
[    1.381891] random: systemd-udevd: uninitialized urandom read (16 bytes read, 3 bits of entropy available)
[    1.384927] random: systemd-udevd: uninitialized urandom read (16 bytes read, 3 bits of entropy available)
[    1.387954] random: systemd-udevd: uninitialized urandom read (16 bytes read, 3 bits of entropy available)
[    1.391181] random: udevadm: uninitialized urandom read (16 bytes read, 3 bits of entropy available)
[    1.394330] random: systemd-udevd: uninitialized urandom read (16 bytes read, 3 bits of entropy available)
[    1.404063] random: systemd-udevd: uninitialized urandom read (16 bytes read, 3 bits of entropy available)
[    1.409124] random: systemd-udevd: uninitialized urandom read (16 bytes read, 3 bits of entropy available)
[    1.413637] random: udevadm: uninitialized urandom read (16 bytes read, 3 bits of entropy available)
[    1.416969] random: systemd-udevd: uninitialized urandom read (16 bytes read, 3 bits of entropy available)
[    1.491945] e1000: Intel(R) PRO/1000 Network Driver - version 7.3.21-k8-NAPI
[    1.494343] e1000: Copyright (c) 1999-2006 Intel Corporation.
[    1.503122] Fusion MPT base driver 3.04.20
[    1.504567] Copyright (c) 1999-2008 LSI Corporation
[    1.535888] Fusion MPT SPI Host driver 3.04.20
[    1.570637] AVX2 version of gcm_enc/dec engaged.
[    1.572205] AES CTR mode by8 optimization enabled
[    1.714832] input: ImExPS/2 Generic Explorer Mouse as /devices/platform/i8042/serio1/input/input4
[    1.963470] e1000 0000:00:03.0 eth0: (PCI:33MHz:32-bit) 02:e9:98:4f:cb:36
[    1.965816] e1000 0000:00:03.0 eth0: Intel(R) PRO/1000 Network Connection
[    1.968601] mptbase: ioc0: Initiating bringup
[    2.033034] ioc0: LSI53C1030 A0: Capabilities={Initiator}
[    2.199376] scsi host2: ioc0: LSI53C1030 A0, FwRev=00000000h, Ports=1, MaxQ=256, IRQ=20
[    2.315237] scsi 2:0:0:0: Direct-Access     VBOX     HARDDISK         1.0  PQ: 0 ANSI: 5
[    2.318373] scsi target2:0:0: Beginning Domain Validation
[    2.322932] scsi target2:0:0: Domain Validation skipping write tests
[    2.324770] scsi target2:0:0: Ending Domain Validation
[    2.326681] scsi target2:0:0: asynchronous
[    2.339267] scsi 2:0:1:0: Direct-Access     VBOX     HARDDISK         1.0  PQ: 0 ANSI: 5
[    2.342127] scsi target2:0:1: Beginning Domain Validation
[    2.344529] scsi target2:0:1: Domain Validation skipping write tests
[    2.346458] scsi target2:0:1: Ending Domain Validation
[    2.348345] scsi target2:0:1: asynchronous
[    2.493875] sd 2:0:0:0: Attached scsi generic sg0 type 0
[    2.495941] sd 2:0:0:0: [sda] 62914560 512-byte logical blocks: (32.2 GB/30.0 GiB)
[    2.499154] sd 2:0:1:0: [sdb] 20480 512-byte logical blocks: (10.5 MB/10.0 MiB)
[    2.501588] sd 2:0:1:0: Attached scsi generic sg1 type 0
[    2.503264] sd 2:0:1:0: [sdb] Write Protect is off
[    2.504858] sd 2:0:1:0: [sdb] Incomplete mode parameter data
[    2.506516] sd 2:0:1:0: [sdb] Assuming drive cache: write through
[    2.508302] sd 2:0:0:0: [sda] Write Protect is off
[    2.520629] sd 2:0:0:0: [sda] Incomplete mode parameter data
[    2.522502] sd 2:0:0:0: [sda] Assuming drive cache: write through
[    2.530967]  sda: sda1
[    2.533265] sd 2:0:0:0: [sda] Attached SCSI disk
[    2.534910] sd 2:0:1:0: [sdb] Attached SCSI disk
[    2.838799] e1000 0000:00:08.0 eth1: (PCI:33MHz:32-bit) 08:00:27:ff:62:94
[    2.841681] e1000 0000:00:08.0 eth1: Intel(R) PRO/1000 Network Connection
[    2.845446] e1000 0000:00:08.0 enp0s8: renamed from eth1
[    2.849645] e1000 0000:00:03.0 enp0s3: renamed from eth0
Begin: Loading essential drivers ... [    4.188252] md: linear personality registered for level -1
[    4.193560] md: multipath personality registered for level -4
[    4.198929] md: raid0 personality registered for level 0
[    4.205496] md: raid1 personality registered for level 1
[    4.277040] raid6: sse2x1   gen()  8446 MB/s
[    4.344585] raid6: sse2x1   xor()  5236 MB/s
[    4.412784] raid6: sse2x2   gen()  4159 MB/s
[    4.482848] raid6: sse2x2   xor()  6889 MB/s
[    4.553436] raid6: sse2x4   gen() 12003 MB/s
[    4.626736] raid6: sse2x4   xor()  9419 MB/s
[    4.706842] raid6: avx2x1   gen() 18116 MB/s
[    4.786877] raid6: avx2x2   gen() 21127 MB/s
[    4.864040] raid6: avx2x4   gen() 24617 MB/s
[    4.865629] raid6: using algorithm avx2x4 gen() 24617 MB/s
[    4.867397] raid6: using avx2x2 recovery algorithm
[    4.871346] xor: automatically using best checksumming function:
[    4.936498]    avx       : 62841.000 MB/sec
[    4.940251] async_tx: api initialized (async)
[    4.957369] md: raid6 personality registered for level 6
[    4.959318] md: raid5 personality registered for level 5
[    4.961216] md: raid4 personality registered for level 4
[    4.970594] md: raid10 personality registered for level 10
done.
Begin: Running /scripts/init-premount ... done.
Begin: Mounting root file system ... Begin: Running /scripts/local-top ... done.
Begin: Running /scripts/local-premount ... [    5.011673] Btrfs loaded
Scanning for Btrfs filesystems
done.
Warning: fsck not present, so skipping root file system
[    5.097149] EXT4-fs (sda1): mounted filesystem with ordered data mode. Opts: (null)
done.
Begin: Running /scripts/local-bottom ... done.
Begin: Running /scripts/init-bottom ... done.
[    5.333718] systemd[1]: systemd 229 running in system mode. (+PAM +AUDIT +SELINUX +IMA +APPARMOR +SMACK +SYSVINIT +UTMP +LIBCRYPTSETUP +GCRYPT +GNUTLS +ACL +XZ -LZ4 +SECCOMP +BLKID +ELFUTILS +KMOD -IDN)
[    5.339652] systemd[1]: Detected virtualization oracle.
[    5.341414] systemd[1]: Detected architecture x86-64.

Welcome to [1mUbuntu 16.04.7 LTS[0m!

[    5.355132] systemd[1]: Set hostname to <anicheck>.
[    6.157486] systemd[1]: Listening on udev Control Socket.
[[0;32m  OK  [0m] Listening on udev Control Socket.
[    6.162414] systemd[1]: Created slice System Slice.
[[0;32m  OK  [0m] Created slice System Slice.
[    6.166200] systemd[1]: Reached target Swap.
[[0;32m  OK  [0m] Reached target Swap.
[    6.169832] systemd[1]: Set up automount Arbitrary Executable File Formats File System Automount Point.
[[0;32m  OK  [0m] Set up automount Arbitrary Executab...ats File System Automount Point.
[    6.177081] systemd[1]: Listening on LVM2 metadata daemon socket.
[[0;32m  OK  [0m] Listening on LVM2 metadata daemon socket.
[    6.182382] systemd[1]: Created slice system-serial\x2dgetty.slice.
[[0;32m  OK  [0m] Created slice system-serial\x2dgetty.slice.
[    6.192847] systemd[1]: Listening on Syslog Socket.
[[0;32m  OK  [0m] Listening on Syslog Socket.
[    6.197143] systemd[1]: Started Trigger resolvconf update for networkd DNS.
[[0;32m  OK  [0m] Started Trigger resolvconf update for networkd DNS.
[    6.202987] systemd[1]: Listening on LVM2 poll daemon socket.
[[0;32m  OK  [0m] Listening on LVM2 poll daemon socket.
[    6.207643] systemd[1]: Listening on Journal Audit Socket.
[[0;32m  OK  [0m] Listening on Journal Audit Socket.
[    6.217926] systemd[1]: Created slice User and Session Slice.
[[0;32m  OK  [0m] Created slice User and Session Slice.
[    6.222665] systemd[1]: Listening on /dev/initctl Compatibility Named Pipe.
[[0;32m  OK  [0m] Listening on /dev/initctl Compatibility Named Pipe.
[    6.227093] systemd[1]: Listening on Device-mapper event daemon FIFOs.
[[0;32m  OK  [0m] Listening on Device-mapper event daemon FIFOs.
[    6.230789] systemd[1]: Listening on Journal Socket (/dev/log).
[[0;32m  OK  [0m] Listening on Journal Socket (/dev/log).
[    6.234179] systemd[1]: Reached target System Time Synchronized.
[[0;32m  OK  [0m] Reached target System Time Synchronized.
[    6.237630] systemd[1]: Listening on Journal Socket.
[[0;32m  OK  [0m] Listening on Journal Socket.
[    6.241372] systemd[1]: Starting Create list of required static device nodes for the current kernel...
         Starting Create list of required st... nodes for the current kernel...
[    6.249506] systemd[1]: Starting Monitoring of LVM2 mirrors, snapshots etc. using dmeventd or progress polling...
         Starting Monitoring of LVM2 mirrors... dmeventd or progress polling...
[    6.258962] systemd[1]: Starting Journal Service...
         Starting Journal Service...
[    6.269881] systemd[1]: Starting Nameserver information manager...
         Starting Nameserver information manager...
[    6.277505] systemd[1]: Mounting Debug File System...
         Mounting Debug File System...
[    6.286682] systemd[1]: Mounting Huge Pages File System...
         Mounting Huge Pages File System...
[    6.307336] systemd[1]: Starting Set console keymap...
         Starting Set console keymap...
[    6.321260] systemd[1]: Starting Load Kernel Modules...
         Starting Load Kernel Modules...
[    6.329246] systemd[1]: Starting Remount Root and Kernel File Systems...
         Starting Remount Root and Kernel File Systems...
[    6.341701] systemd[1]: Started Forward Password Requests to Wall Directory Watch.
[[0;32m  OK  [0m] Started Forward Password Requests to Wall Directory Watch.
[    6.352878] systemd[1]: Mounting POSIX Message Queue File System...
         Mounting POSIX Message Queue File System...
[    6.357169] EXT4-fs (sda1): re-mounted. Opts: (null)
[    6.361661] systemd[1]: Starting Uncomplicated firewall...
         Starting Uncomplicated firewall...
[    6.371652] systemd[1]: Reached target User and Group Name Lookups.
[[0;32m  OK  [0m] Reached target User and Group Name Lookups.
[    6.380638] systemd[1]: Reached target Slices.
[[0;32m  OK  [0m] Reached target Slices.
[    6.384769] systemd[1]: Listening on udev Kernel Socket.
[    6.386785] Loading iSCSI transport class v2.0-870.
[[0;32m  OK  [0m] Listening on udev Kernel Socket.
[    6.392796] systemd[1]: Reached target Encrypted Volumes.
[[0;32m  OK  [0m] Reached target Encrypted Volumes.
[    6.402244] systemd[1]: Mounted POSIX Message Queue File System.
[[0;32m  OK  [0m[    6.405069] random: nonblocking pool is initialized
] Mounted POSIX Message Queue File System.
[    6.413674] systemd[1]: Mounted Huge Pages File System.
[[0;32m  OK  [0m] Mounted Huge Pages File System.
[    6.420763] systemd[1]: Mounted Debug File System.
[[0;32m  OK  [0m] Mounted Debug File System.
[    6.426695] systemd[1]: Started Journal Service.
[[0;32m  OK  [0m] Started Journal Service.
[    6.433203] iscsi: registered transport (tcp)
[[0;32m  OK  [0m] Started Create list of required sta...ce nodes for the current kernel.
[[0;32m  OK  [0m] Started Remount Root and Kernel File Systems.
[[0;32m  OK  [0m] Started Uncomplicated firewall.
[[0;32m  OK  [0m] Started LVM2 metadata daemon.
         Starting Load/Save Random Seed...
         Starting udev Coldplug all Devices...
         Starting Create Static Device Nodes in /dev...
         Starting Flush Journal to Persistent Storage...
[[0;32m  OK  [0m] Started Nameserver information manager.
[[0;32m  OK  [0m] Started Load/Save Random Seed.
[[0;32m  OK  [0m] Started Set console keymap.
[    6.530925] systemd-journald[369]: Received request to flush runtime journal from PID 1
[[0;32m  OK  [0m] Started Flush Journal to Persistent Storage.
[[0;32m  OK  [0m] Started Create Static Device Nodes in /dev.
         Starting udev Kernel Device Manager...
[    6.597130] iscsi: registered transport (iser)
[[0;32m  OK  [0m] Started Load Kernel Modules.
         Starting Apply Kernel Variables...
         Mounting FUSE Control File System...
[[0;32m  OK  [0m] Mounted FUSE Control File System.
[[0;32m  OK  [0m] Started Apply Kernel Variables.
[[0;32m  OK  [0m] Started udev Coldplug all Devices.
[[0;32m  OK  [0m] Started udev Kernel Device Manager.
[[0;32m  OK  [0m] Started Dispatch Password Requests to Console Directory Watch.
[[0;32m  OK  [0m] Started Monitoring of LVM2 mirrors,...ng dmeventd or progress polling.
[[0;32m  OK  [0m] Reached target Local File Systems (Pre).
[[0;32m  OK  [0m] Reached target Local File Systems.
         Starting Tell Plymouth To Write Out Runtime Data...
         Starting Set console font and keymap...
         Starting Initial cloud-init job (pre-networking)...
         Starting Create Volatile Files and Directories...
         Starting LSB: AppArmor initialization...
         Mounting /vagrant...
[[0;32m  OK  [0m] Started Tell Plymouth To Write Out Runtime Data.
[[0;1;31mFAILED[0m] Failed to mount /vagrant.
See 'systemctl status vagrant.mount' for details.
[[0;32m  OK  [0m] Started Create Volatile Files and Directories.
         Starting Update UTMP about System Boot/Shutdown...
[[0;32m  OK  [0m] Started Update UTMP about System Boot/Shutdown.
[[0;32m  OK  [0m] Started LSB: AppArmor initialization.
         Starting Load AppArmor profiles managed internally by snapd...
[[0;32m  OK  [0m] Started Load AppArmor profiles managed internally by snapd.
[[0;32m  OK  [0m] Found device /dev/ttyS0.
[[0;32m  OK  [0m] Found device 82540EM Gigabit Ethern...r (PRO/1000 MT Desktop Adapter).
[[0;32m  OK  [0m] Listening on Load/Save RF Kill Switch Status /dev/rfkill Watch.
[[0;32m  OK  [0m] Found device 82540EM Gigabit Ethern...r (PRO/1000 MT Desktop Adapter).
[[0;32m  OK  [0m] Started Set console font and keymap.
[[0;32m  OK  [0m] Created slice system-getty.slice.
[    9.414009] cloud-init[489]: Cloud-init v. 20.3-2-g371b392c-0ubuntu1~16.04.1 running 'init-local' at Sun, 18 Oct 2020 04:24:55 +0000. Up 8.73 seconds.
[[0;32m  OK  [0m] Started Initial cloud-init job (pre-networking).
[[0;32m  OK  [0m] Reached target Network (Pre).
         Starting Raise network interfaces...
[[0;32m  OK  [0m] Started ifup for enp0s3.
[[0;32m  OK  [0m] Started ifup for enp0s8.
[[0;32m  OK  [0m] Started Raise network interfaces.
[[0;32m  OK  [0m] Reached target Network.
         Starting Initial cloud-init job (metadata service crawler)...
[   10.616990] cloud-init[1079]: Cloud-init v. 20.3-2-g371b392c-0ubuntu1~16.04.1 running 'init' at Sun, 18 Oct 2020 04:24:56 +0000. Up 10.13 seconds.
[   10.620296] cloud-init[1079]: ci-info: ++++++++++++++++++++++++++++++++++++++Net device info+++++++++++++++++++++++++++++++++++++++
[   10.624453] cloud-init[1079]: ci-info: +--------+------+-----------------------------+---------------+--------+-------------------+
[   10.636297] cloud-init[1079]: ci-info: | Device |  Up  |           Address           |      Mask     | Scope  |     Hw-Address    |
[   10.639118] cloud-init[1079]: ci-info: +--------+------+-----------------------------+---------------+--------+-------------------+
[   10.641608] cloud-init[1079]: ci-info: | enp0s3 | True |          10.0.2.15          | 255.255.255.0 | global | 02:e9:98:4f:cb:36 |
[   10.644637] cloud-init[1079]: ci-info: | enp0s3 | True |  fe80::e9:98ff:fe4f:cb36/64 |       .       |  link  | 02:e9:98:4f:cb:36 |
[   10.652391] cloud-init[1079]: ci-info: | enp0s8 | True |        192.168.50.10        | 255.255.255.0 | global | 08:00:27:ff:62:94 |
[   10.660670] cloud-init[1079]: ci-info: | enp0s8 | True | fe80::a00:27ff:feff:6294/64 |       .       |  link  | 08:00:27:ff:62:94 |
[   10.663011] cloud-init[1079]: ci-info: |   lo   | True |          127.0.0.1          |   255.0.0.0   |  host  |         .         |
[   10.668809] cloud-init[1079]: ci-info: |   lo   | True |           ::1/128           |       .       |  host  |         .         |
[   10.672776] cloud-init[1079]: ci-info: +--------+------+-----------------------------+---------------+--------+-------------------+
[   10.676397] cloud-init[1079]: ci-info: ++++++++++++++++++++++++++++Route IPv4 info++++++++++++++++++++++++++++
[   10.680443] cloud-init[1079]: ci-info: +-------+--------------+----------+---------------+-----------+-------+
[   10.684305] cloud-init[1079]: ci-info: | Route | Destination  | Gateway  |    Genmask    | Interface | Flags |
[   10.688456] cloud-init[1079]: ci-info: +-------+--------------+----------+---------------+-----------+-------+
[   10.692315] cloud-init[1079]: ci-info: |   0   |   0.0.0.0    | 10.0.2.2 |    0.0.0.0    |   enp0s3  |   UG  |
[   10.696314] cloud-init[1079]: ci-info: |   1   |   10.0.2.0   | 0.0.0.0  | 255.255.255.0 |   enp0s3  |   U   |
[   10.704338] cloud-init[1079]: ci-info: |   2   | 192.168.50.0 | 0.0.0.0  | 255.255.255.0 |   enp0s8  |   U   |
[   10.706390] cloud-init[1079]: ci-info: +-------+--------------+----------+---------------+-----------+-------+
[   10.709180] cloud-init[1079]: ci-info: +++++++++++++++++++Route IPv6 info+++++++++++++++++++
[   10.716351] cloud-init[1079]: ci-info: +-------+-------------+---------+-----------+-------+
[   10.724521] cloud-init[1079]: ci-info: | Route | Destination | Gateway | Interface | Flags |
[   10.726300] cloud-init[1079]: ci-info: +-------+-------------+---------+-----------+-------+
[   10.732754] cloud-init[1079]: ci-info: |   0   |  fe80::/64  |    ::   |   enp0s8  |   U   |
[   10.735145] cloud-init[1079]: ci-info: |   1   |  fe80::/64  |    ::   |   enp0s3  |   U   |[[0;32m  OK  [0m] Started Initial cloud-init job (metadata service crawler).
[[0;32m  OK  [0m] Reached target System Initialization.
[   10.740743] cloud-init[1079]: ci-info: |   4   |   ff00::/8  |    ::   |   enp0s8  |   U   |
[   10.742701] cloud-init[1079]: ci-info: |   5   |   ff00::/8  |    ::   |   enp0s3  |   U   |
         Starting Socket activation for snappy daemon.
         Starting Docker Socket for the API.
[[0;32m  OK  [0m] Started Daily Cleanup of Temporary Directories.
[   10.749646] cloud-init[1079]: ci-info: +-------+-------------+---------+-----------+-------+

[[0;32m  OK  [0m] Listening on D-Bus System Message Bus Socket.
[[0;32m  OK  [0m] Listening on UUID daemon activation socket.
[[0;32m  OK  [0m] Started ACPI Events Check.
[[0;32m  OK  [0m] Reached target Paths.
[[0;32m  OK  [0m] Started Message of the Day.
         Starting LXD - unix socket.
[[0;32m  OK  [0m] Listening on ACPID Listen Socket.
[[0;32m  OK  [0m] Started Daily apt download activities.
[[0;32m  OK  [0m] Started Daily apt upgrade and clean activities.
[[0;32m  OK  [0m] Reached target Timers.
[[0;32m  OK  [0m] Reached target Cloud-config availability.
[[0;32m  OK  [0m] Reached target Network is Online.
         Starting iSCSI initiator daemon (iscsid)...
[[0;32m  OK  [0m] Listening on Socket activation for snappy daemon.
[[0;32m  OK  [0m] Listening on Docker Socket for the API.
[[0;32m  OK  [0m] Listening on LXD - unix socket.
[[0;32m  OK  [0m] Reached target Sockets.
[[0;32m  OK  [0m] Reached target Basic System.
         Starting System Logging Service...
         Starting LXD - container startup/shutdown...
[[0;32m  OK  [0m] Started FUSE filesystem for LXC.
         Starting /etc/rc.local Compatibility...
[[0;32m  OK  [0m] Started Regular background program processing daemon.
         Starting LSB: Record successful boot for GRUB...
         Starting OpenBSD Secure Shell server...
[[0;32m  OK  [0m] Started Deferred execution scheduler.
         Starting Virtualbox guest utils...
         Starting Snap Daemon...
         Starting LSB: MD monitoring daemon...
         Starting Accounts Service...
         Starting containerd container runtime...
[[0;32m  OK  [0m] Started ACPI event daemon.
[[0;32m  OK  [0m] Started D-Bus System Message Bus.
         Starting Login Service...
[[0;32m  OK  [0m] Started System Logging Service.
[[0;32m  OK  [0m] Started /etc/rc.local Compatibility.
[[0;32m  OK  [0m] Started iSCSI initiator daemon (iscsid).
         Starting Login to default iSCSI targets...
[[0;32m  OK  [0m] Started Login Service.
[[0;32m  OK  [0m] Started Unattended Upgrades Shutdown.
         Starting Authenticate and Authorize Users to Run Privileged Tasks...
[[0;32m  OK  [0m] Started OpenBSD Secure Shell server.
[[0;32m  OK  [0m] Started Login to default iSCSI targets.
[[0;32m  OK  [0m] Reached target Remote File Systems (Pre).
[[0;32m  OK  [0m] Reached target Remote File Systems.
         Starting LSB: automatic crash report generation...
         Starting LSB: Set the CPU Frequency Scaling governor to "ondemand"...
         Starting Permit User Sessions...
         Starting LSB: daemon to balance interrupts for SMP systems...
[[0;32m  OK  [0m] Started Permit User Sessions.
         Starting Terminate Plymouth Boot Screen...
         Starting Hold until boot process finishes up...
[[0;32m  OK  [0m] Started LSB: MD monitoring daemon.
[[0;32m  OK  [0m] Started Terminate Plymouth Boot Screen.
[[0;32m  OK  [0m] Started LSB: Record successful boot for GRUB.
[[0;32m  OK  [0m] Started Hold until boot process finishes up.
         Starting Set console scheme...
[[0;32m  OK  [0m] Started Getty on tty1.
[[0;32m  OK  [0m] Started Serial Getty on ttyS0.
[[0;32m  OK  [0m] Reached target Login Prompts.
[[0;32m  OK  [0m] Started Set console scheme.
[[0;32m  OK  [0m] Started LSB: Set the CPU Frequency Scaling governor to "ondemand".
[[0;32m  OK  [0m] Started LSB: daemon to balance interrupts for SMP systems.
[[0;32m  OK  [0m] Started LXD - container startup/shutdown.
[[0;32m  OK  [0m] Started Authenticate and Authorize Users to Run Privileged Tasks.
[[0;32m  OK  [0m] Started Accounts Service.
[[0;32m  OK  [0m] Started LSB: automatic crash report generation.
[[0;32m  OK  [0m] Started Virtualbox guest utils.
[[0;32m  OK  [0m] Started Snap Daemon.
         Starting Wait until snapd is fully seeded...
[[0;32m  OK  [0m] Started Wait until snapd is fully seeded.
         Starting Apply the settings specified in cloud-config...
[[0;32m  OK  [0m] Started containerd container runtime.
         Starting Docker Application Container Engine...
[   13.070549] cloud-init[1365]: Cloud-init v. 20.3-2-g371b392c-0ubuntu1~16.04.1 running 'modules:config' at Sun, 18 Oct 2020 04:24:59 +0000. Up 12.88 seconds.
[[0;32m  OK  [0m] Started Apply the settings specified in cloud-config.
[[0;32m  OK  [0m] Started Docker Application Container Engine.
[[0;32m  OK  [0m] Reached target Multi-User System.
         Starting Execute cloud user/final scripts...
[[0;32m  OK  [0m] Reached target Graphical Interface.
         Starting Update UTMP about System Runlevel Changes...
[[0;32m  OK  [0m] Started Update UTMP about System Runlevel Changes.
[   16.227043] cloud-init[1755]: Cloud-init v. 20.3-2-g371b392c-0ubuntu1~16.04.1 running 'modules:final' at Sun, 18 Oct 2020 04:25:02 +0000. Up 16.03 seconds.
[[0;32m  OK  [0m] Created slice User Slice of vagrant.
[   16.242831] cloud-init[1755]: Cloud-init v. 20.3-2-g371b392c-0ubuntu1~16.04.1 finished at Sun, 18 Oct 2020 04:25:02 +0000. Datasource DataSourceNoCloud [seed=/dev/sdb][dsmode=net].  Up 16.20 seconds         Starting User Manager for UID 1000...
[[0;32m  OK  [0m] Started Session 1 of user vagrant.

[[0;32m  OK  [0m] Started User Manager for UID 1000.
[[0;32m  OK  [0m] Started Execute cloud user/final scripts.
[[0;32m  OK  [0m] Reached target Cloud-init target.

Ubuntu 16.04.7 LTS anicheck ttyS0

anicheck login: 